GET / completed in 0.18 seconds
GET /store/ completed in 0.02 seconds
GET /store/book/1/ completed in 0.01 seconds
GET /store/ completed in 0.01 seconds
GET /store/book/3/ completed in 0.01 seconds
GET /store/ completed in 0.01 seconds
GET /store/book/create/ completed in 0.02 seconds
POST /store/book/create/ completed in 0.02 seconds
GET /store/ completed in 0.01 seconds
GET /store/ completed in 0.01 seconds
GET /store/ completed in 0.01 seconds
GET / completed in 0.18 seconds
GET /store/ completed in 0.03 seconds
GET /store/ completed in 0.01 seconds
GET /store/ completed in 0.01 seconds
GET / completed in 0.01 seconds
GET /store/ completed in 0.01 seconds
GET /__debug__/render_panel/ completed in 0.03 seconds
GET /store/ completed in 0.01 seconds
GET /__debug__/render_panel/ completed in 0.02 seconds
GET /store/ completed in 0.15 seconds
GET /__debug__/render_panel/ completed in 0.02 seconds
GET / completed in 0.15 seconds
GET / completed in 0.03 seconds
GET /store/ completed in 0.05 seconds
GET /store/ completed in 0.03 seconds
GET /store/ completed in 0.02 seconds
GET /store/ completed in 0.02 seconds
GET / completed in 0.01 seconds
GET / completed in 0.03 seconds
GET /favicon.ico completed in 0.00 seconds
GET /store/ completed in 0.05 seconds
GET /store/ completed in 0.02 seconds
GET /store/ completed in 0.02 seconds
GET /store/book/3/ completed in 0.04 seconds
GET /store/ completed in 0.02 seconds
GET / completed in 0.05 seconds
GET /favicon.ico completed in 0.01 seconds
GET /store/ completed in 0.05 seconds
GET /store/ completed in 0.02 seconds
GET /store/ completed in 0.02 seconds
GET /store/ completed in 0.01 seconds
GET /accounts/login/ completed in 0.02 seconds
GET /store/book/3/ completed in 0.02 seconds
GET /accounts/login/ completed in 0.00 seconds
POST /accounts/login/ completed in 0.24 seconds
POST /accounts/login/ completed in 0.24 seconds
GET /store/ completed in 0.02 seconds
GET /store/book/create/ completed in 0.02 seconds
POST /store/book/create/ completed in 0.03 seconds
GET /store/ completed in 0.02 seconds
GET /store/ completed in 0.02 seconds
GET /store/ completed in 0.02 seconds
GET /store/ completed in 0.02 seconds
GET /admin/ completed in 0.01 seconds
GET /admin/login/ completed in 0.05 seconds
GET /favicon.ico completed in 0.00 seconds
POST /admin/login/ completed in 0.26 seconds
GET /admin/ completed in 0.03 seconds
GET /admin/store/category/add/ completed in 0.06 seconds
GET /admin/jsi18n/ completed in 0.03 seconds
GET /admin/ completed in 0.03 seconds
GET /admin/ completed in 0.07 seconds
GET /admin/products/category/ completed in 0.08 seconds
GET /admin/jsi18n/ completed in 0.03 seconds
GET /admin/products/category/add/ completed in 0.05 seconds
GET /admin/jsi18n/ completed in 0.02 seconds
POST /admin/products/category/add/ completed in 0.04 seconds
GET /admin/products/category/ completed in 0.03 seconds
GET /admin/jsi18n/ completed in 0.02 seconds
GET /admin/products/category/1/change/ completed in 0.05 seconds
GET /admin/jsi18n/ completed in 0.02 seconds
GET /admin/products/category/ completed in 0.03 seconds
GET /admin/products/category/1/change/ completed in 0.02 seconds
GET /admin/jsi18n/ completed in 0.02 seconds
POST /admin/products/category/1/change/ completed in 0.03 seconds
GET /admin/products/category/ completed in 0.02 seconds
GET /admin/jsi18n/ completed in 0.02 seconds
GET /admin/products/product/ completed in 0.04 seconds
GET /admin/jsi18n/ completed in 0.02 seconds
GET /admin/products/product/add/ completed in 0.04 seconds
GET /admin/jsi18n/ completed in 0.02 seconds
POST /admin/products/product/add/ completed in 0.03 seconds
GET /admin/products/product/ completed in 0.02 seconds
GET /admin/jsi18n/ completed in 0.02 seconds
GET /admin/products/product/1/change/ completed in 0.03 seconds
GET /admin/jsi18n/ completed in 0.02 seconds
POST /admin/products/product/1/change/ completed in 0.03 seconds
GET /admin/products/product/ completed in 0.02 seconds
GET /admin/jsi18n/ completed in 0.01 seconds
GET /admin/orders/order/add/ completed in 0.05 seconds
GET /admin/jsi18n/ completed in 0.02 seconds
POST /admin/orders/order/add/ completed in 0.04 seconds
GET /admin/orders/order/ completed in 0.05 seconds
GET /admin/jsi18n/ completed in 0.02 seconds
GET /checkout/1/ completed in 1.54 seconds
GET /success/ completed in 0.00 seconds
GET /checkout/1/ completed in 1.22 seconds
POST /webhook/ completed in 0.02 seconds
POST /webhook/ completed in 0.03 seconds
POST /webhook/ completed in 0.00 seconds
GET /success/ completed in 0.00 seconds
POST /webhook/ completed in 0.00 seconds
POST /webhook/ completed in 0.00 seconds
GET /admin/ completed in 0.37 seconds
GET /admin/orders/order/ completed in 0.17 seconds
GET /admin/jsi18n/ completed in 0.03 seconds
GET /admin/orders/order/1/change/ completed in 0.09 seconds
GET /admin/jsi18n/ completed in 0.03 seconds
GET /admin/orders/order/ completed in 0.03 seconds
GET /checkout/1/ completed in 1.00 seconds
POST /webhook/ completed in 0.04 seconds
POST /webhook/ completed in 0.04 seconds
POST /webhook/ completed in 0.00 seconds
POST /webhook/ completed in 0.08 seconds
GET /success/ completed in 0.00 seconds
POST /webhook/ completed in 0.00 seconds
GET /admin/orders/order/ completed in 0.21 seconds
GET /admin/jsi18n/ completed in 0.03 seconds
GET /checkout/ completed in 0.02 seconds
GET /checkout/ completed in 0.02 seconds
GET /add-test/ completed in 0.02 seconds
GET /checkout/ completed in 1.06 seconds
GET /admin/ completed in 0.09 seconds
GET /admin/products/product/ completed in 0.10 seconds
GET /admin/jsi18n/ completed in 0.03 seconds
GET /admin/products/product/1/change/ completed in 0.06 seconds
GET /admin/jsi18n/ completed in 0.03 seconds
GET /add-test/ completed in 0.02 seconds
GET /checkout/ completed in 0.64 seconds
GET /success/ completed in 0.00 seconds
GET /admin/orders/order/ completed in 0.13 seconds
GET /admin/jsi18n/ completed in 0.02 seconds
GET /admin/orders/order/ completed in 0.03 seconds
GET /admin/jsi18n/ completed in 0.02 seconds
GET /admin/orders/order/1/change/ completed in 0.08 seconds
GET /admin/jsi18n/ completed in 0.02 seconds
GET /admin/orders/order/ completed in 0.03 seconds
GET /add-test/ completed in 0.02 seconds
GET /admin/ completed in 0.08 seconds
GET /admin/products/product/ completed in 0.09 seconds
GET /admin/jsi18n/ completed in 0.03 seconds
GET /admin/products/product/1/change/ completed in 0.07 seconds
GET /admin/jsi18n/ completed in 0.02 seconds
POST /admin/products/product/1/change/ completed in 0.12 seconds
GET /admin/products/product/ completed in 0.02 seconds
GET /admin/jsi18n/ completed in 0.02 seconds
GET / completed in 0.03 seconds
GET /store/ completed in 0.04 seconds
GET /store/ completed in 0.02 seconds
GET /store/ completed in 0.02 seconds
GET /store/ completed in 0.02 seconds
GET /store/book/5/ completed in 0.02 seconds
GET /store/book/4/ completed in 0.02 seconds
GET /store/ completed in 0.02 seconds
GET /store/book/1/ completed in 0.02 seconds
GET /store/book/3/ completed in 0.02 seconds
GET /catalog/). completed in 0.04 seconds
GET /catalog/ completed in 0.00 seconds
GET /catalog/ completed in 0.01 seconds
GET /catalog/ completed in 0.03 seconds
GET /media/products/1.webp completed in 0.01 seconds
GET /catalog/check-stock/ completed in 3.01 seconds
GET /favicon.ico completed in 0.01 seconds
GET /catalog/ completed in 0.04 seconds
GET /media/products/1.webp completed in 0.01 seconds
GET /catalog/check-stock/ completed in 3.01 seconds
GET /favicon.ico completed in 0.01 seconds
GET /catalog/ completed in 0.01 seconds
GET /catalog/ completed in 0.01 seconds
GET /catalog/ completed in 0.11 seconds
GET /catalog/ completed in 0.03 seconds
GET /media/products/1.webp completed in 0.01 seconds
POST /cart/add/1/ completed in 0.02 seconds
GET /catalog/ completed in 0.01 seconds
POST /cart/add/1/ completed in 0.01 seconds
GET /catalog/ completed in 0.01 seconds
POST /cart/add/1/ completed in 0.01 seconds
GET /catalog/ completed in 0.01 seconds
POST /cart/add/1/ completed in 0.01 seconds
GET /catalog/ completed in 0.01 seconds
POST /cart/add/1/ completed in 0.01 seconds
GET /catalog/ completed in 0.01 seconds
POST /cart/add/1/ completed in 0.01 seconds
GET /catalog/ completed in 0.01 seconds
POST /cart/add/1/ completed in 0.01 seconds
GET /catalog/ completed in 0.01 seconds
POST /cart/add/1/ completed in 0.01 seconds
GET /catalog/ completed in 0.01 seconds
POST /cart/add/1/ completed in 0.01 seconds
GET /catalog/ completed in 0.01 seconds
POST /cart/add/1/ completed in 0.01 seconds
GET /catalog/ completed in 0.01 seconds
POST /cart/add/1/ completed in 0.01 seconds
GET /catalog/ completed in 0.01 seconds
POST /cart/add/1/ completed in 0.01 seconds
GET /catalog/ completed in 0.01 seconds
POST /cart/add/1/ completed in 0.01 seconds
GET /catalog/ completed in 0.01 seconds
POST /cart/add/1/ completed in 0.02 seconds
GET /catalog/ completed in 0.01 seconds
POST /cart/add/1/ completed in 0.01 seconds
GET /catalog/ completed in 0.01 seconds
POST /cart/add/1/ completed in 0.01 seconds
GET /catalog/ completed in 0.01 seconds
POST /cart/add/1/ completed in 0.01 seconds
GET /catalog/ completed in 0.01 seconds
POST /cart/add/1/ completed in 0.01 seconds
GET /catalog/ completed in 0.01 seconds
GET /catalog/ completed in 0.03 seconds
GET /catalog/ completed in 0.01 seconds
GET /catalog/ completed in 0.01 seconds
GET /catalog/ completed in 0.03 seconds
POST /cart/add/1/ completed in 0.02 seconds
GET /catalog/ completed in 0.01 seconds
POST /cart/add/1/ completed in 0.02 seconds
GET /checkout/ completed in 1.20 seconds
GET /success/ completed in 0.00 seconds
GET /checkout/ completed in 0.03 seconds
GET /catalog/ completed in 0.04 seconds
GET /media/products/1.webp completed in 0.01 seconds
GET /checkout/ completed in 0.01 seconds
POST /cart/add/1/ completed in 0.01 seconds
GET /catalog/ completed in 0.01 seconds
GET /checkout/ completed in 0.71 seconds
GET /success/ completed in 0.00 seconds
POST /cart/add/1/ completed in 0.03 seconds
GET /catalog/ completed in 0.02 seconds
GET /checkout/ completed in 1.17 seconds
GET /success/ completed in 0.00 seconds
GET /checkout/ completed in 0.03 seconds
GET /success/ completed in 0.00 seconds
GET /catalog/ completed in 0.12 seconds
GET /media/products/1.webp completed in 0.01 seconds
GET /catalog/ completed in 0.02 seconds
GET /media/products/1.webp completed in 0.02 seconds
POST /cart/add/1/ completed in 0.01 seconds
GET /catalog/ completed in 0.01 seconds
GET /media/products/1.webp completed in 0.01 seconds
POST /cart/add/1/ completed in 0.02 seconds
GET /catalog/ completed in 0.01 seconds
GET /media/products/1.webp completed in 0.01 seconds
POST /cart/add/1/ completed in 0.01 seconds
GET /catalog/ completed in 0.01 seconds
GET /media/products/1.webp completed in 0.01 seconds
GET /checkout/ completed in 1.17 seconds
GET /success/ completed in 0.00 seconds
POST /cart/add/1/ completed in 0.02 seconds
GET /catalog/ completed in 0.01 seconds
GET /media/products/1.webp completed in 0.01 seconds
POST /cart/add/1/ completed in 0.04 seconds
GET /catalog/ completed in 0.01 seconds
GET /media/products/1.webp completed in 0.01 seconds
POST /cart/add/1/ completed in 0.02 seconds
GET /catalog/ completed in 0.01 seconds
GET /media/products/1.webp completed in 0.01 seconds
POST /cart/add/1/ completed in 0.01 seconds
GET /catalog/ completed in 0.01 seconds
GET /media/products/1.webp completed in 0.01 seconds
POST /cart/add/1/ completed in 0.03 seconds
GET /catalog/ completed in 0.01 seconds
GET /media/products/1.webp completed in 0.01 seconds
POST /cart/add/1/ completed in 0.03 seconds
GET /catalog/ completed in 0.01 seconds
GET /media/products/1.webp completed in 0.01 seconds
POST /cart/add/1/ completed in 0.02 seconds
GET /catalog/ completed in 0.01 seconds
GET /media/products/1.webp completed in 0.01 seconds
GET /catalog/ completed in 0.01 seconds
GET /media/products/1.webp completed in 0.02 seconds
POST /cart/add/1/ completed in 0.02 seconds
GET /catalog/ completed in 0.01 seconds
GET /media/products/1.webp completed in 0.01 seconds
POST /cart/add/1/ completed in 0.01 seconds
GET /catalog/ completed in 0.01 seconds
GET /media/products/1.webp completed in 0.01 seconds
POST /cart/add/1/ completed in 0.02 seconds
GET /catalog/ completed in 0.01 seconds
GET /media/products/1.webp completed in 0.01 seconds
POST /cart/add/1/ completed in 0.01 seconds
GET /catalog/ completed in 0.01 seconds
GET /media/products/1.webp completed in 0.01 seconds
POST /cart/add/1/ completed in 0.01 seconds
GET /catalog/ completed in 0.01 seconds
GET /media/products/1.webp completed in 0.01 seconds
GET /checkout/ completed in 0.71 seconds
GET /cancel/ completed in 0.00 seconds
POST /cart/add/1/ completed in 0.02 seconds
GET /catalog/ completed in 0.01 seconds
GET /media/products/1.webp completed in 0.01 seconds
GET /checkout/ completed in 0.71 seconds
GET /catalog/ completed in 0.04 seconds
GET /catalog/ completed in 0.00 seconds
GET /catalog/ completed in 0.03 seconds
GET /catalog/ completed in 0.00 seconds
GET /catalog/ completed in 0.04 seconds
GET /catalog/ completed in 0.00 seconds
GET /catalog/ completed in 0.05 seconds
GET /catalog/ completed in 0.00 seconds
GET /catalog/ completed in 0.03 seconds
GET /catalog/ completed in 0.00 seconds
GET /catalog/ completed in 0.03 seconds
GET /catalog/ completed in 0.00 seconds
POST /cart/add/1/ completed in 0.00 seconds
GET /catalog/ completed in 0.03 seconds
GET /catalog/ completed in 0.01 seconds
GET /catalog/ completed in 0.00 seconds
POST /cart/add/1/ completed in 0.00 seconds
GET /catalog/ completed in 0.03 seconds
POST /cart/add/999/ completed in 0.00 seconds
POST /cart/add/99999/ completed in 0.00 seconds
POST /cart/add/0/ completed in 0.00 seconds
GET /cart/add/2/ completed in 0.00 seconds
GET /checkout/ completed in 0.00 seconds
GET /catalog/ completed in 0.01 seconds
GET /catalog/ completed in 0.00 seconds
POST /cart/add/1/ completed in 0.00 seconds
GET /catalog/ completed in 0.06 seconds
POST /cart/add/999/ completed in 0.01 seconds
POST /cart/add/99999/ completed in 0.00 seconds
POST /cart/add/0/ completed in 0.00 seconds
GET /cart/add/2/ completed in 0.00 seconds
GET /checkout/ completed in 0.00 seconds
GET /catalog/ completed in 0.01 seconds
GET /catalog/ completed in 0.00 seconds
GET /en/admin/ completed in 0.14 seconds
POST /uk/cart/add/1/ completed in 0.00 seconds
GET /uk/catalog/ completed in 0.05 seconds
POST /cart/add/999/ completed in 0.00 seconds
POST /cart/add/99999/ completed in 0.00 seconds
POST /cart/add/0/ completed in 0.00 seconds
GET /uk/cart/add/2/ completed in 0.00 seconds
GET /uk/checkout/ completed in 0.00 seconds
GET /uk/catalog/ completed in 0.01 seconds
GET /uk/catalog/ completed in 0.00 seconds
POST /uk/cart/add/1/ completed in 0.00 seconds
GET /uk/catalog/ completed in 0.03 seconds
POST /uk/cart/add/999/ completed in 0.00 seconds
POST /uk/cart/add/99999/ completed in 0.00 seconds
POST /uk/cart/add/0/ completed in 0.00 seconds
GET /uk/cart/add/2/ completed in 0.00 seconds
GET /uk/checkout/ completed in 0.00 seconds
GET /uk/catalog/ completed in 0.01 seconds
GET /uk/catalog/ completed in 0.00 seconds
GET /api/docs/ completed in 0.00 seconds
GET /favicon.ico completed in 0.01 seconds
GET /api/docs/ completed in 0.04 seconds
GET /api/docs/](http://127.0.0.1:8000/api/docs/ completed in 0.00 seconds
GET /api/docs/ completed in 0.03 seconds
GET /api/docs/ completed in 0.02 seconds
GET /api/schema/ completed in 0.05 seconds
GET /api/schema/ completed in 0.06 seconds
GET /api/docs/ completed in 0.07 seconds
GET /api/schema/ completed in 0.14 seconds
GET /api/schema/ completed in 0.05 seconds
GET /api/docs/](http://127.0.0.1:8000/api/docs/ completed in 0.01 seconds
GET /api/docs/ completed in 0.02 seconds
GET /api/schema/ completed in 0.08 seconds
GET /api/schema/ completed in 0.07 seconds
GET /api/docs/ completed in 0.00 seconds
GET /api/schema/ completed in 0.05 seconds
GET /api/schema/ completed in 0.06 seconds
GET /api/docs/ completed in 0.00 seconds
GET /api/schema/ completed in 0.06 seconds
GET /api/schema/ completed in 0.06 seconds
GET /api/docs/ completed in 0.03 seconds
GET /api/schema/ completed in 0.13 seconds
GET /api/schema/ completed in 0.04 seconds
GET /api/docs/ completed in 0.02 seconds
GET /api/schema/ completed in 0.15 seconds
GET /api/docs/ completed in 0.02 seconds
GET /api/schema/ completed in 0.09 seconds
GET /api/docs/ completed in 0.00 seconds
GET /api/schema/ completed in 0.03 seconds
GET /api/docs/ completed in 0.00 seconds
GET /api/schema/ completed in 0.03 seconds
GET /api/docs/ completed in 0.02 seconds
GET /api/schema/ completed in 0.18 seconds
GET /api/docs/ completed in 0.04 seconds
GET /api/schema/ completed in 0.33 seconds
GET /api/docs/ completed in 0.02 seconds
GET /api/schema/ completed in 0.13 seconds
GET /api/docs completed in 0.01 seconds
GET /api/docs/ completed in 0.00 seconds
GET /api/schema/ completed in 0.09 seconds
GET /api/cart/ completed in 0.01 seconds
GET /api/cart/ completed in 0.00 seconds
GET /api/cart/ completed in 0.00 seconds
GET /api/docs/ completed in 0.00 seconds
GET /api/schema/ completed in 0.06 seconds
GET /api/docs/ completed in 0.02 seconds
GET /api/schema/ completed in 0.18 seconds
GET /api/docs/ completed in 0.00 seconds
GET /api/schema/ completed in 0.03 seconds
GET /api/cart/ completed in 0.00 seconds
GET /api/cart/ completed in 0.00 seconds
GET /api/docs/ completed in 0.02 seconds
GET /api/schema/ completed in 0.13 seconds
GET /api/cart/ completed in 0.00 seconds
GET /api/docs/ completed in 0.02 seconds
GET /api/schema/ completed in 0.15 seconds
GET /api/docs/ completed in 0.00 seconds
GET /api/schema/ completed in 0.10 seconds
GET /api/docs/ completed in 0.03 seconds
GET /api/schema/ completed in 0.16 seconds
GET /api/docs/ completed in 0.04 seconds
GET /api/schema/ completed in 0.19 seconds
GET /api/docs/ completed in 0.00 seconds
GET /api/schema/ completed in 0.03 seconds
GET /api/docs/ completed in 0.02 seconds
GET /api/schema/ completed in 0.12 seconds
GET /api/docs/ completed in 0.07 seconds
GET /api/schema/ completed in 0.19 seconds
GET /api/categories/ completed in 0.01 seconds
POST /api/categories/ completed in 0.00 seconds
POST /api/categories/ completed in 0.00 seconds
GET /api/products/ completed in 0.01 seconds
POST /api/products/ completed in 0.00 seconds
GET /api/products/ completed in 0.01 seconds
GET /api/products/ completed in 0.00 seconds
GET /api/products/ completed in 0.00 seconds
GET /api/categories/ completed in 0.00 seconds
POST /api/categories/ completed in 0.00 seconds
POST /api/categories/ completed in 0.00 seconds
GET /api/products/ completed in 0.01 seconds
POST /api/products/ completed in 0.00 seconds
GET /api/products/ completed in 0.00 seconds
GET /api/products/ completed in 0.00 seconds
GET /api/products/ completed in 0.00 seconds
GET /api/categories/ completed in 0.00 seconds
POST /api/categories/ completed in 0.00 seconds
POST /api/categories/ completed in 0.00 seconds
GET /api/products/ completed in 0.00 seconds
POST /api/products/ completed in 0.00 seconds
GET /api/products/ completed in 0.01 seconds
GET /api/products/ completed in 0.00 seconds
GET /api/products/ completed in 0.00 seconds
GET /api/cart/ completed in 0.01 seconds
GET /api/cart/ completed in 0.00 seconds
GET /api/categories/ completed in 0.00 seconds
POST /api/categories/ completed in 0.00 seconds
POST /api/categories/ completed in 0.00 seconds
GET /api/products/ completed in 0.01 seconds
POST /api/products/ completed in 0.00 seconds
GET /api/products/ completed in 0.00 seconds
GET /api/products/ completed in 0.00 seconds
GET /api/products/ completed in 0.00 seconds
GET /api/docs/ completed in 0.03 seconds
GET /api/schema/ completed in 0.17 seconds
GET /api/cart/ completed in 0.00 seconds
GET /api/cart/ completed in 0.00 seconds
GET /api/categories/ completed in 0.00 seconds
POST /api/categories/ completed in 0.00 seconds
POST /api/categories/ completed in 0.00 seconds
GET /api/products/ completed in 0.00 seconds
POST /api/products/ completed in 0.00 seconds
GET /api/products/ completed in 0.01 seconds
GET /api/products/ completed in 0.01 seconds
GET /api/products/ completed in 0.00 seconds
GET /api/cart/ completed in 0.00 seconds
GET /api/cart/ completed in 0.00 seconds
POST /api/token/ completed in 0.22 seconds
POST /api/token/ completed in 0.20 seconds
POST /api/token/ completed in 0.00 seconds
GET /api/orders/ completed in 0.00 seconds
POST /api/orders/ completed in 0.00 seconds
DELETE /api/orders/1/ completed in 0.00 seconds
GET /api/orders/ completed in 0.00 seconds
POST /api/orders/ completed in 0.03 seconds
POST /api/orders/ completed in 0.00 seconds
GET /api/orders/2/ completed in 0.01 seconds
DELETE /api/orders/3/ completed in 0.00 seconds
GET /api/orders/ completed in 0.00 seconds
GET /api/orders/5/ completed in 0.00 seconds
PATCH /api/orders/6/ completed in 0.00 seconds
DELETE /api/orders/7/ completed in 0.00 seconds
GET /api/categories/ completed in 0.00 seconds
POST /api/categories/ completed in 0.00 seconds
POST /api/categories/ completed in 0.00 seconds
GET /api/products/ completed in 0.01 seconds
POST /api/products/ completed in 0.00 seconds
GET /api/products/ completed in 0.01 seconds
GET /api/products/ completed in 0.00 seconds
GET /api/products/ completed in 0.00 seconds
GET /api/cart/ completed in 0.00 seconds
GET /api/cart/ completed in 0.00 seconds
POST /api/token/ completed in 0.23 seconds
POST /api/token/ completed in 0.21 seconds
POST /api/token/ completed in 0.00 seconds
GET /api/orders/ completed in 0.00 seconds
POST /api/orders/ completed in 0.00 seconds
DELETE /api/orders/1/ completed in 0.00 seconds
GET /api/orders/ completed in 0.00 seconds
POST /api/orders/ completed in 0.03 seconds
POST /api/orders/ completed in 0.00 seconds
GET /api/orders/2/ completed in 0.01 seconds
DELETE /api/orders/3/ completed in 0.01 seconds
GET /api/orders/ completed in 0.00 seconds
GET /api/orders/5/ completed in 0.00 seconds
PATCH /api/orders/6/ completed in 0.00 seconds
DELETE /api/orders/7/ completed in 0.00 seconds
GET /api/categories/ completed in 0.00 seconds
POST /api/categories/ completed in 0.00 seconds
POST /api/categories/ completed in 0.00 seconds
GET /api/products/ completed in 0.01 seconds
POST /api/products/ completed in 0.00 seconds
GET /api/products/ completed in 0.00 seconds
GET /api/products/ completed in 0.00 seconds
GET /api/products/ completed in 0.00 seconds
GET /api/cart/ completed in 0.00 seconds
GET /api/cart/ completed in 0.00 seconds
POST /api/token/ completed in 0.23 seconds
POST /api/token/ completed in 0.22 seconds
POST /api/token/ completed in 0.00 seconds
GET /api/orders/ completed in 0.00 seconds
POST /api/orders/ completed in 0.00 seconds
DELETE /api/orders/1/ completed in 0.00 seconds
GET /api/orders/ completed in 0.00 seconds
POST /api/orders/ completed in 0.05 seconds
POST /api/orders/ completed in 0.00 seconds
GET /api/orders/2/ completed in 0.01 seconds
DELETE /api/orders/3/ completed in 0.01 seconds
GET /api/orders/ completed in 0.00 seconds
GET /api/orders/5/ completed in 0.00 seconds
PATCH /api/orders/6/ completed in 0.00 seconds
DELETE /api/orders/7/ completed in 0.00 seconds
GET /api/categories/ completed in 0.00 seconds
POST /api/categories/ completed in 0.00 seconds
POST /api/categories/ completed in 0.00 seconds
GET /api/products/ completed in 0.01 seconds
POST /api/products/ completed in 0.00 seconds
GET /api/products/ completed in 0.01 seconds
GET /api/products/ completed in 0.00 seconds
GET /api/products/ completed in 0.00 seconds
GET /api/cart/ completed in 0.00 seconds
GET /api/cart/ completed in 0.00 seconds
POST /api/token/ completed in 0.22 seconds
POST /api/token/ completed in 0.21 seconds
POST /api/token/ completed in 0.00 seconds
GET /api/orders/ completed in 0.00 seconds
POST /api/orders/ completed in 0.00 seconds
DELETE /api/orders/1/ completed in 0.00 seconds
GET /api/orders/ completed in 0.00 seconds
POST /api/orders/ completed in 0.05 seconds
POST /api/orders/ completed in 0.00 seconds
GET /api/orders/2/ completed in 0.01 seconds
DELETE /api/orders/3/ completed in 0.00 seconds
GET /api/orders/ completed in 0.00 seconds
GET /api/orders/5/ completed in 0.00 seconds
PATCH /api/orders/6/ completed in 0.00 seconds
DELETE /api/orders/7/ completed in 0.00 seconds
GET /api/categories/ completed in 0.00 seconds
POST /api/categories/ completed in 0.00 seconds
POST /api/categories/ completed in 0.00 seconds
GET /api/products/ completed in 0.01 seconds
POST /api/products/ completed in 0.00 seconds
GET /api/products/ completed in 0.01 seconds
GET /api/products/ completed in 0.00 seconds
GET /api/products/ completed in 0.00 seconds
GET /api/cart/ completed in 0.00 seconds
GET /api/cart/ completed in 0.00 seconds
POST /api/token/ completed in 0.23 seconds
POST /api/token/ completed in 0.21 seconds
POST /api/token/ completed in 0.00 seconds
GET /api/orders/ completed in 0.00 seconds
POST /api/orders/ completed in 0.00 seconds
DELETE /api/orders/1/ completed in 0.00 seconds
GET /api/orders/ completed in 0.00 seconds
POST /api/orders/ completed in 0.04 seconds
POST /api/orders/ completed in 0.00 seconds
GET /api/orders/4/ completed in 0.00 seconds
DELETE /api/orders/5/ completed in 0.01 seconds
GET /api/orders/ completed in 0.00 seconds
GET /api/orders/7/ completed in 0.00 seconds
PATCH /api/orders/8/ completed in 0.00 seconds
DELETE /api/orders/9/ completed in 0.00 seconds
GET /api/categories/ completed in 0.00 seconds
POST /api/categories/ completed in 0.00 seconds
POST /api/categories/ completed in 0.00 seconds
GET /api/products/ completed in 0.00 seconds
POST /api/products/ completed in 0.00 seconds
GET /api/products/ completed in 0.01 seconds
GET /api/products/ completed in 0.00 seconds
GET /api/products/ completed in 0.00 seconds
GET /health/ completed in 0.00 seconds
GET /favicon.ico completed in 0.01 seconds
